******************************************************************************
                  TI ARM Linker PC v18.12.1                    
******************************************************************************
>> Linked Mon May 13 17:41:13 2019

OUTPUT FILE NAME:   <New.out>
ENTRY POINT SYMBOL: "_c_int00_noinit_noargs"  address: 0000047d


MEMORY CONFIGURATION

         name            origin    length      used     unused   attr    fill
----------------------  --------  ---------  --------  --------  ----  --------
  FLASH                 00000000   00040000  00000536  0003faca  R  X
  SRAM                  20000000   00008000  00000200  00007e00  RW X


SEGMENT ALLOCATION MAP

run origin  load origin   length   init length attrs members
----------  ----------- ---------- ----------- ----- -------
00000000    00000000    00000536   00000536    r-x
  00000000    00000000    0000026c   0000026c    r-- .intvecs
  0000026c    0000026c    000002ca   000002ca    r-x .text
20000000    20000000    00000200   00000000    rw-
  20000000    20000000    00000200   00000000    rw- .stack


SECTION ALLOCATION MAP

 output                                  attributes/
section   page    origin      length       input sections
--------  ----  ----------  ----------   ----------------
.intvecs   0    00000000    0000026c     
                  00000000    0000026c     tm4c123gh6pm_startup_ccs.obj (.intvecs)

.text      0    0000026c    000002ca     
                  0000026c    00000132     driverlib.lib : gpio.obj (.text:GPIOPadConfigSet)
                  0000039e    00000002     --HOLE-- [fill = 0]
                  000003a0    00000070     main.obj (.text)
                  00000410    00000038     driverlib.lib : sysctl.obj (.text:SysCtlPeripheralReady)
                  00000448    00000034                   : sysctl.obj (.text:SysCtlPeripheralEnable)
                  0000047c    0000002c     rtsv7M4_T_le_v4SPD16_eabi.lib : boot_cortex_m.c.obj (.text:_c_int00_noinit_noargs:_c_int00_noinit_noargs)
                  000004a8    0000002a     driverlib.lib : gpio.obj (.text:GPIODirModeSet)
                  000004d2    00000018                   : gpio.obj (.text:GPIOPinTypeGPIOOutput)
                  000004ea    00000002     --HOLE-- [fill = 0]
                  000004ec    00000014                   : systick.obj (.text:SysTickEnable)
                  00000500    00000010                   : systick.obj (.text:SysTickPeriodSet)
                  00000510    0000000c                   : systick.obj (.text:SysTickValueGet)
                  0000051c    0000000c     tm4c123gh6pm_startup_ccs.obj (.text)
                  00000528    00000006     driverlib.lib : gpio.obj (.text:GPIOPinWrite)
                  0000052e    00000004     rtsv7M4_T_le_v4SPD16_eabi.lib : pre_init.c.obj (.text:_system_pre_init)
                  00000532    00000004                                   : exit.c.obj (.text:abort:abort)

.cinit     0    00000000    00000000     UNINITIALIZED

.init_array 
*          0    00000000    00000000     UNINITIALIZED

.stack     0    20000000    00000200     UNINITIALIZED
                  20000000    00000004     rtsv7M4_T_le_v4SPD16_eabi.lib : boot_cortex_m.c.obj (.stack)
                  20000004    000001fc     --HOLE--

MODULE SUMMARY

       Module                         code   ro data   rw data
       ------                         ----   -------   -------
    .\
       tm4c123gh6pm_startup_ccs.obj   12     620       0      
       main.obj                       112    0         0      
    +--+------------------------------+------+---------+---------+
       Total:                         124    620       0      
                                                              
    C:/ti/TivaWare_C_Series-2.1.4.178/driverlib/ccs/Debug/driverlib.lib
       gpio.obj                       378    0         0      
       sysctl.obj                     108    0         0      
       systick.obj                    48     0         0      
    +--+------------------------------+------+---------+---------+
       Total:                         534    0         0      
                                                              
    C:\ti\ccs901\ccs\tools\compiler\ti-cgt-arm_18.12.1.LTS\lib\rtsv7M4_T_le_v4SPD16_eabi.lib
       boot_cortex_m.c.obj            44     0         0      
       exit.c.obj                     4      0         0      
       pre_init.c.obj                 4      0         0      
    +--+------------------------------+------+---------+---------+
       Total:                         52     0         0      
                                                              
       Stack:                         0      0         512    
    +--+------------------------------+------+---------+---------+
       Grand Total:                   710    620       512    


GLOBAL SYMBOLS: SORTED ALPHABETICALLY BY Name 

address   name                  
-------   ----                  
00000533  C$$EXIT               
000004a9  GPIODirModeSet        
0000026d  GPIOPadConfigSet      
000004d3  GPIOPinTypeGPIOOutput 
00000529  GPIOPinWrite          
0000051d  ResetISR              
00000449  SysCtlPeripheralEnable
00000411  SysCtlPeripheralReady 
000004ed  SysTickEnable         
00000501  SysTickPeriodSet      
00000511  SysTickValueGet       
20000200  __STACK_END           
00000200  __STACK_SIZE          
20000200  __STACK_TOP           
ffffffff  __TI_pprof_out_hndl   
ffffffff  __TI_prof_data_size   
ffffffff  __TI_prof_data_start  
00000000  __TI_static_base__    
ffffffff  __binit__             
ffffffff  __c_args__            
UNDEFED   __mpu_init            
20000000  __stack               
0000047d  _c_int00_noinit_noargs
0000052f  _system_pre_init      
00000533  abort                 
ffffffff  binit                 
00000000  g_pfnVectors          
000003a1  main                  


GLOBAL SYMBOLS: SORTED BY Symbol Address 

address   name                  
-------   ----                  
00000000  __TI_static_base__    
00000000  g_pfnVectors          
00000200  __STACK_SIZE          
0000026d  GPIOPadConfigSet      
000003a1  main                  
00000411  SysCtlPeripheralReady 
00000449  SysCtlPeripheralEnable
0000047d  _c_int00_noinit_noargs
000004a9  GPIODirModeSet        
000004d3  GPIOPinTypeGPIOOutput 
000004ed  SysTickEnable         
00000501  SysTickPeriodSet      
00000511  SysTickValueGet       
0000051d  ResetISR              
00000529  GPIOPinWrite          
0000052f  _system_pre_init      
00000533  C$$EXIT               
00000533  abort                 
20000000  __stack               
20000200  __STACK_END           
20000200  __STACK_TOP           
ffffffff  __TI_pprof_out_hndl   
ffffffff  __TI_prof_data_size   
ffffffff  __TI_prof_data_start  
ffffffff  __binit__             
ffffffff  __c_args__            
ffffffff  binit                 
UNDEFED   __mpu_init            

[28 symbols]
