******************************************************************************
                  TI ARM Linker PC v18.12.1                    
******************************************************************************
>> Linked Tue May 21 01:01:44 2019

OUTPUT FILE NAME:   <New2.out>
ENTRY POINT SYMBOL: "_c_int00_noargs"  address: 00000689


MEMORY CONFIGURATION

         name            origin    length      used     unused   attr    fill
----------------------  --------  ---------  --------  --------  ----  --------
  FLASH                 00000000   00040000  0000071a  0003f8e6  R  X
  SRAM                  20000000   00008000  00000204  00007dfc  RW X


SEGMENT ALLOCATION MAP

run origin  load origin   length   init length attrs members
----------  ----------- ---------- ----------- ----- -------
00000000    00000000    00000720   00000720    r-x
  00000000    00000000    0000026c   0000026c    r-- .intvecs
  0000026c    0000026c    00000496   00000496    r-x .text
  00000708    00000708    00000018   00000018    r-- .cinit
20000000    20000000    00000204   00000000    rw-
  20000000    20000000    00000200   00000000    rw- .stack
  20000200    20000200    00000004   00000000    rw- .data


SECTION ALLOCATION MAP

 output                                  attributes/
section   page    origin      length       input sections
--------  ----  ----------  ----------   ----------------
.intvecs   0    00000000    0000026c     
                  00000000    0000026c     tm4c123gh6pm_startup_ccs.obj (.intvecs)

.text      0    0000026c    00000496     
                  0000026c    00000160     led.obj (.text)
                  000003cc    000000c0     tasks.obj (.text)
                  0000048c    0000009c     rtsv7M4_T_le_v4SPD16_eabi.lib : memcpy_t2.asm.obj (.text)
                  00000528    00000070     systick.obj (.text)
                  00000598    00000068     rtsv7M4_T_le_v4SPD16_eabi.lib : copy_decompress_lzss.c.obj (.text:decompress:lzss:__TI_decompress_lzss)
                  00000600    00000044                                   : autoinit.c.obj (.text:__TI_auto_init_nobinit_nopinit:__TI_auto_init_nobinit_nopinit)
                  00000644    00000044     schedule.obj (.text)
                  00000688    00000034     rtsv7M4_T_le_v4SPD16_eabi.lib : boot_cortex_m.c.obj (.text:_c_int00_noargs:_c_int00_noargs)
                  000006bc    00000024     main.obj (.text)
                  000006e0    0000000e     rtsv7M4_T_le_v4SPD16_eabi.lib : copy_decompress_none.c.obj (.text:decompress:none:__TI_decompress_none)
                  000006ee    0000000c     tm4c123gh6pm_startup_ccs.obj (.text)
                  000006fa    00000004     rtsv7M4_T_le_v4SPD16_eabi.lib : pre_init.c.obj (.text:_system_pre_init)
                  000006fe    00000004                                   : exit.c.obj (.text:abort:abort)

.cinit     0    00000708    00000018     
                  00000708    00000008     (__TI_handler_table)
                  00000710    00000007     (.cinit..data.load) [load image, compression = lzss]
                  00000717    00000001     --HOLE-- [fill = 0]
                  00000718    00000008     (__TI_cinit_table)

.init_array 
*          0    00000000    00000000     UNINITIALIZED

.data      0    20000200    00000004     UNINITIALIZED
                  20000200    00000004     schedule.obj (.data)

.stack     0    20000000    00000200     UNINITIALIZED
                  20000000    00000004     rtsv7M4_T_le_v4SPD16_eabi.lib : boot_cortex_m.c.obj (.stack)
                  20000004    000001fc     --HOLE--

MODULE SUMMARY

       Module                         code   ro data   rw data
       ------                         ----   -------   -------
    .\
       tm4c123gh6pm_startup_ccs.obj   12     620       0      
       led.obj                        352    0         0      
       tasks.obj                      192    0         0      
       systick.obj                    112    0         0      
       schedule.obj                   68     0         4      
       main.obj                       36     0         0      
    +--+------------------------------+------+---------+---------+
       Total:                         772    620       4      
                                                              
    C:\ti\ccs901\ccs\tools\compiler\ti-cgt-arm_18.12.1.LTS\lib\rtsv7M4_T_le_v4SPD16_eabi.lib
       memcpy_t2.asm.obj              156    0         0      
       copy_decompress_lzss.c.obj     104    0         0      
       autoinit.c.obj                 68     0         0      
       boot_cortex_m.c.obj            52     0         0      
       copy_decompress_none.c.obj     14     0         0      
       exit.c.obj                     4      0         0      
       pre_init.c.obj                 4      0         0      
    +--+------------------------------+------+---------+---------+
       Total:                         402    0         0      
                                                              
       Stack:                         0      0         512    
       Linker Generated:              0      23        0      
    +--+------------------------------+------+---------+---------+
       Grand Total:                   1174   643       516    


LINKER GENERATED COPY TABLES

__TI_cinit_table @ 00000718 records: 1, size/record: 8, table size: 8
	.data: load addr=00000710, load size=00000007 bytes, run addr=20000200, run size=00000004 bytes, compression=lzss


LINKER GENERATED HANDLER TABLE

__TI_handler_table @ 00000708 records: 2, size/record: 4, table size: 8
	index: 0, handler: __TI_decompress_lzss
	index: 1, handler: __TI_decompress_none


GLOBAL SYMBOLS: SORTED ALPHABETICALLY BY Name 

address   name                          
-------   ----                          
000006ff  C$$EXIT                       
0000026d  PortE_Init                    
000002f7  PrintChar                     
000002db  PrintString                   
000006ef  ResetISR                      
00000535  SysTickDisable                
00000529  SysTickEnable                 
00000541  SysTickPeriodSet              
00000551  SysTickValueGet               
00000583  SysTick_Is_Time_out           
000003cd  Task1                         
000003dd  Task2                         
00000313  UART0_Init                    
000002bf  UART5Rx                       
00000297  UART_Init                     
20000200  __STACK_END                   
00000200  __STACK_SIZE                  
20000200  __STACK_TOP                   
00000718  __TI_CINIT_Base               
00000720  __TI_CINIT_Limit              
00000708  __TI_Handler_Table_Base       
00000710  __TI_Handler_Table_Limit      
00000601  __TI_auto_init_nobinit_nopinit
00000599  __TI_decompress_lzss          
000006e1  __TI_decompress_none          
ffffffff  __TI_pprof_out_hndl           
ffffffff  __TI_prof_data_size           
ffffffff  __TI_prof_data_start          
00000000  __TI_static_base__            
0000048d  __aeabi_memcpy                
0000048d  __aeabi_memcpy4               
0000048d  __aeabi_memcpy8               
ffffffff  __binit__                     
ffffffff  __c_args__                    
UNDEFED   __mpu_init                    
20000000  __stack                       
00000689  _c_int00_noargs               
UNDEFED   _system_post_cinit            
000006fb  _system_pre_init              
000006ff  abort                         
ffffffff  binit                         
00000557  delay                         
00000000  g_pfnVectors                  
000006bd  main                          
0000048d  memcpy                        
00000645  schedule                      


GLOBAL SYMBOLS: SORTED BY Symbol Address 

address   name                          
-------   ----                          
00000000  __TI_static_base__            
00000000  g_pfnVectors                  
00000200  __STACK_SIZE                  
0000026d  PortE_Init                    
00000297  UART_Init                     
000002bf  UART5Rx                       
000002db  PrintString                   
000002f7  PrintChar                     
00000313  UART0_Init                    
000003cd  Task1                         
000003dd  Task2                         
0000048d  __aeabi_memcpy                
0000048d  __aeabi_memcpy4               
0000048d  __aeabi_memcpy8               
0000048d  memcpy                        
00000529  SysTickEnable                 
00000535  SysTickDisable                
00000541  SysTickPeriodSet              
00000551  SysTickValueGet               
00000557  delay                         
00000583  SysTick_Is_Time_out           
00000599  __TI_decompress_lzss          
00000601  __TI_auto_init_nobinit_nopinit
00000645  schedule                      
00000689  _c_int00_noargs               
000006bd  main                          
000006e1  __TI_decompress_none          
000006ef  ResetISR                      
000006fb  _system_pre_init              
000006ff  C$$EXIT                       
000006ff  abort                         
00000708  __TI_Handler_Table_Base       
00000710  __TI_Handler_Table_Limit      
00000718  __TI_CINIT_Base               
00000720  __TI_CINIT_Limit              
20000000  __stack                       
20000200  __STACK_END                   
20000200  __STACK_TOP                   
ffffffff  __TI_pprof_out_hndl           
ffffffff  __TI_prof_data_size           
ffffffff  __TI_prof_data_start          
ffffffff  __binit__                     
ffffffff  __c_args__                    
ffffffff  binit                         
UNDEFED   __mpu_init                    
UNDEFED   _system_post_cinit            

[46 symbols]
